// Jest Snapshot v1, https://goo.gl/fbAQLP

exports[`Home page matches snapshot 1`] = `
<DocumentFragment>
  <section
    class="py-5 px-3 relative flex items-center firstSection"
  >
    <div
      class="container mx-auto relative z-10"
    >
      <div
        class="grid grid-cols-3 gap-4"
      >
        <div
          class="col-span-2"
        >
          <img
            class="scrollIcon"
            src="./scrollIcon.png"
          />
          <div
            class="ml-50 py-5"
          >
            <h1
              class="h1"
            >
              Assumi le skill,
              <br />
              la qualità e l'sperienza
            </h1>
            <p
              class="subTitle text-white mt-5"
            >
              Accellera i tuoi progetti software e digitali con un team
              <br />
              all'avanguardia, d'esperienza pronto a valutare ed offire soluzioni
              <br />
              <span
                class="font-bold text-logoBlue"
              >
                competitive
              </span>
            </p>
          </div>
        </div>
        <div />
      </div>
    </div>
  </section>
  <section
    class="secondSectionBefore"
  />
  <section
    class="secondSection py-5 px-3 relative flex items-center"
  >
    <div
      class="colors1"
    />
    <div
      class="colors2"
    />
    <div
      class="colors3"
    />
    <div
      class="colors4"
    />
    <div
      class="container mx-auto relative"
    >
      <div
        class="square"
        data-aos="zoom-out-up"
        data-aos-delay="500"
        data-aos-offset="400"
      />
      <div
        class="square"
        data-aos="zoom-out-up"
        data-aos-delay="500"
        data-aos-offset="400"
      />
      <div
        class="square"
        data-aos="zoom-out-up"
        data-aos-delay="500"
        data-aos-offset="400"
      />
      <div
        class="square"
        data-aos="zoom-out-up"
        data-aos-delay="500"
        data-aos-offset="400"
      />
      <div
        class="square"
        data-aos="zoom-out-up"
        data-aos-delay="500"
        data-aos-offset="200"
      />
      <div
        class="square"
        data-aos="zoom-out-up"
        data-aos-delay="500"
        data-aos-offset="100"
      />
      <div
        class="square"
        data-aos="zoom-out-up"
        data-aos-delay="500"
        data-aos-offset="400"
      />
      <div
        class="square"
        data-aos="zoom-out-up"
        data-aos-delay="500"
        data-aos-offset="600"
      />
      <div
        class="square"
        data-aos="zoom-out-up"
        data-aos-delay="500"
      />
      <div
        class="grid grid-cols-3 gap-5"
      >
        <div
          ata-aos="fade-right"
          class="serviceCard relative p-50"
          data-aos-delay="300"
          data-aos-duration="500"
          data-aos-easing="ease-in-sine"
          data-aos-offset="400"
        >
          <div
            class="z-10 relative mx-10 glass"
          >
            <div
              class="focusCardHeader"
            >
              <span>
                <test-file-stub />
              </span>
              <h5>
                siti web
                <br />
                corporate
              </h5>
            </div>
            <div
              class="focusCardBody"
            >
              <p>
                Senza un'app Web, la tua azienda sta perdendo denaro e quote di mercato.
              </p>
              <p>
                Servizi di sviluppo end-to-end che ti aiuteranno a digitalizzare la tua attività e a rivoluzionare il mercato, indipendentemente dalle dimensioni della tua azienda.
              </p>
              <a
                class="btnSeeMore"
                href="/sviluppo-web"
              >
                Scopri di più
              </a>
            </div>
          </div>
        </div>
        <div
          ata-aos="fade-right"
          class="serviceCard relative p-50"
          data-aos-delay="300"
          data-aos-duration="500"
          data-aos-easing="ease-in-sine"
          data-aos-offset="400"
        >
          <div
            class="z-10 relative mx-10 glass"
          >
            <div
              class="focusCardHeader"
            >
              <span>
                <test-file-stub />
              </span>
              <h5>
                Soluzioni
                <br />
                E-commerce
              </h5>
            </div>
            <div
              class="focusCardBody"
            >
              <p>
                Possiamo portare online e accativare i prodotti della tua organizzaziones
              </p>
              <p>
                Diversi fattori incidono nella riuscita di un e-commerce di successo, esperienza di sviluppo è fondamentale per non sbagliare
              </p>
            </div>
          </div>
        </div>
        <div
          ata-aos="fade-right"
          class="serviceCard relative p-50"
          data-aos-delay="300"
          data-aos-duration="500"
          data-aos-easing="ease-in-sine"
          data-aos-offset="400"
        >
          <div
            class="z-10 relative mx-10 glass"
          >
            <div
              class="focusCardHeader"
            >
              <span>
                <test-file-stub />
              </span>
              <h5>
                Applicazioni
                <br />
                per smartphone
              </h5>
            </div>
            <div
              class="focusCardBody"
            >
              <p>
                Grazie alla tecnologia ibrida le applicazioni per smartphone diventano accessibili a tutti
              </p>
              <p>
                Sviluppo mobile multipiattaforma e nativo incentrato su React Native e soluzioni completamente native per creare o far crescere il tuo prodotto software.
              </p>
            </div>
          </div>
        </div>
      </div>
    </div>
  </section>
  <section
    class="secondSectionAfter"
  >
    <button>
      Test Button
    </button>
  </section>
</DocumentFragment>
`;
